#
# There is insufficient memory for the Java Runtime Environment to continue.
# Native memory allocation (malloc) failed to allocate 1045456 bytes. Error detail: Chunk::new
# Possible reasons:
#   The system is out of physical RAM or swap space
#   This process is running with CompressedOops enabled, and the Java Heap may be blocking the growth of the native heap
# Possible solutions:
#   Reduce memory load on the system
#   Increase physical memory or swap space
#   Check if swap backing store is full
#   Decrease Java heap size (-Xmx/-Xms)
#   Decrease number of Java threads
#   Decrease Java thread stack sizes (-Xss)
#   Set larger code cache with -XX:ReservedCodeCacheSize=
#   JVM is running with Unscaled Compressed Oops mode in which the Java heap is
#     placed in the first 4GB address space. The Java Heap base address is the
#     maximum limit for the native heap growth. Please use -XX:HeapBaseMinAddress
#     to set the Java Heap base and to place the Java Heap above 4GB virtual address.
# This output file may be truncated or incomplete.
#
#  Out of Memory Error (arena.cpp:168), pid=19436, tid=1264
#
# JRE version: OpenJDK Runtime Environment (21.0.10) (build 21.0.10+-14961533-b1163.108)
# Java VM: OpenJDK 64-Bit Server VM (21.0.10+-14961533-b1163.108, mixed mode, tiered, compressed oops, compressed class ptrs, parallel gc, windows-amd64)
# No core dump will be written. Minidumps are not enabled by default on client versions of Windows
#

---------------  S U M M A R Y ------------

Command Line: --add-modules=ALL-SYSTEM --add-opens=java.base/java.util=ALL-UNNAMED --add-opens=java.base/java.lang=ALL-UNNAMED --add-opens=java.base/sun.nio.fs=ALL-UNNAMED -Declipse.application=org.eclipse.jdt.ls.core.id1 -Dosgi.bundles.defaultStartLevel=4 -Declipse.product=org.eclipse.jdt.ls.core.product -Djava.import.generatesMetadataFilesAtProjectRoot=false -DDetectVMInstallationsJob.disabled=true -Dfile.encoding=utf8 -XX:+UseParallelGC -XX:GCTimeRatio=4 -XX:AdaptiveSizePolicyWeight=90 -Dsun.zip.disableMemoryMapping=true -Xmx2G -Xms100m -Xlog:disable -javaagent:c:\Users\Huywill\.vscode\extensions\redhat.java-1.55.0-win32-x64\lombok\lombok-1.18.39-4050.jar c:\Users\Huywill\.vscode\extensions\redhat.java-1.55.0-win32-x64\server\plugins\org.eclipse.equinox.launcher_1.7.200.v20260619-2039.jar -configuration c:\Users\Huywill\AppData\Roaming\Code\User\globalStorage\redhat.java\1.55.0\config_ss_win -data c:\Users\Huywill\AppData\Roaming\Code\User\workspaceStorage\6dbe84330905bf9988ffc1e6a4f4587e\redhat.java\ss_ws --pipe=\\.\pipe\lsp-3c53d60e87594029622386373811b69c-sock

Host: 11th Gen Intel(R) Core(TM) i5-11400H @ 2.70GHz, 12 cores, 15G,  Windows 11 , 64 bit Build 26100 (10.0.26100.9168)
Time: Mon Aug 24 01:20:01 2026 SE Asia Standard Time elapsed time: 11.577966 seconds (0d 0h 0m 11s)

---------------  T H R E A D  ---------------

Current thread (0x000002496a07ff10):  JavaThread "C2 CompilerThread1" daemon [_thread_in_native, id=1264, stack(0x0000008c13000000,0x0000008c13100000) (1024K)]


Current CompileTask:
C2:11578 4370   !   4       java.io.IoOverNioFileSystem::list0 (290 bytes)

Stack: [0x0000008c13000000,0x0000008c13100000]
Native frames: (J=compiled Java code, j=interpreted, Vv=VM code, C=native code)
V  [jvm.dll+0x6d78a9]
V  [jvm.dll+0x8665b3]
V  [jvm.dll+0x868bde]
V  [jvm.dll+0x8692c3]
V  [jvm.dll+0x280ee6]
V  [jvm.dll+0xc07cd]
V  [jvm.dll+0xc0d03]
V  [jvm.dll+0x3ba0cb]
V  [jvm.dll+0x385df7]
V  [jvm.dll+0x38526a]
V  [jvm.dll+0x249bd2]
V  [jvm.dll+0x2491a1]
V  [jvm.dll+0x1c76e4]
V  [jvm.dll+0x25891e]
V  [jvm.dll+0x256e66]
V  [jvm.dll+0x3f513e]
V  [jvm.dll+0x80fd28]
V  [jvm.dll+0x6d60fd]
C  [ucrtbase.dll+0x2cd30]
C  [KERNEL32.DLL+0x2ccb7]
C  [ntdll.dll+0xaad6c]


---------------  P R O C E S S  ---------------

Threads class SMR info:
_java_thread_list=0x00000249694ec1a0, length=36, elements={
0x000002494b313340, 0x0000024966b62180, 0x0000024966b63a90, 0x0000024966b648f0,
0x0000024966ba44e0, 0x0000024966ba4f40, 0x0000024966ba59a0, 0x0000024966ba8410,
0x0000024966ba91a0, 0x0000024966c0c210, 0x00000249684e2d80, 0x0000024968b425e0,
0x0000024968d367a0, 0x0000024968d36e10, 0x000002496884f8a0, 0x0000024968a6d0d0,
0x0000024968da6270, 0x0000024968f09480, 0x000002496a0b6450, 0x000002496a0b7170,
0x000002496a0b7e90, 0x000002496a0b4a10, 0x000002496a0b7800, 0x000002496a0b5dc0,
0x000002496a0b50a0, 0x000002496a0b5730, 0x000002496a0b6ae0, 0x0000024969e23060,
0x0000024969e236f0, 0x0000024969e257c0, 0x0000024969e25e50, 0x0000024969e26b70,
0x0000024969e24410, 0x0000024969e264e0, 0x0000024969e25130, 0x000002496a07ff10
}

Java Threads: ( => current thread )
  0x000002494b313340 JavaThread "main"                              [_thread_blocked, id=16744, stack(0x0000008c0ff00000,0x0000008c10000000) (1024K)]
  0x0000024966b62180 JavaThread "Common-Cleaner"             daemon [_thread_blocked, id=20240, stack(0x0000008c10300000,0x0000008c10400000) (1024K)]
  0x0000024966b63a90 JavaThread "Reference Handler"          daemon [_thread_blocked, id=9940, stack(0x0000008c10400000,0x0000008c10500000) (1024K)]
  0x0000024966b648f0 JavaThread "Finalizer"                  daemon [_thread_blocked, id=31352, stack(0x0000008c10500000,0x0000008c10600000) (1024K)]
  0x0000024966ba44e0 JavaThread "Signal Dispatcher"          daemon [_thread_blocked, id=20692, stack(0x0000008c10600000,0x0000008c10700000) (1024K)]
  0x0000024966ba4f40 JavaThread "Attach Listener"            daemon [_thread_blocked, id=3416, stack(0x0000008c10700000,0x0000008c10800000) (1024K)]
  0x0000024966ba59a0 JavaThread "Service Thread"             daemon [_thread_blocked, id=2444, stack(0x0000008c10800000,0x0000008c10900000) (1024K)]
  0x0000024966ba8410 JavaThread "Monitor Deflation Thread"   daemon [_thread_blocked, id=18288, stack(0x0000008c10900000,0x0000008c10a00000) (1024K)]
  0x0000024966ba91a0 JavaThread "C2 CompilerThread0"         daemon [_thread_blocked, id=24404, stack(0x0000008c10a00000,0x0000008c10b00000) (1024K)]
  0x0000024966c0c210 JavaThread "C1 CompilerThread0"         daemon [_thread_blocked, id=30528, stack(0x0000008c10b00000,0x0000008c10c00000) (1024K)]
  0x00000249684e2d80 JavaThread "Notification Thread"        daemon [_thread_blocked, id=13308, stack(0x0000008c10c00000,0x0000008c10d00000) (1024K)]
  0x0000024968b425e0 JavaThread "Active Thread: Equinox Container: 8dc373b4-6c95-45d7-913f-402c04c1685a"        [_thread_blocked, id=28940, stack(0x0000008c11400000,0x0000008c11500000) (1024K)]
  0x0000024968d367a0 JavaThread "Framework Event Dispatcher: Equinox Container: 8dc373b4-6c95-45d7-913f-402c04c1685a" daemon [_thread_blocked, id=29748, stack(0x0000008c11600000,0x0000008c11700000) (1024K)]
  0x0000024968d36e10 JavaThread "Start Level: Equinox Container: 8dc373b4-6c95-45d7-913f-402c04c1685a" daemon [_thread_blocked, id=17248, stack(0x0000008c11700000,0x0000008c11800000) (1024K)]
  0x000002496884f8a0 JavaThread "SCR Component Actor"        daemon [_thread_blocked, id=11248, stack(0x0000008c11800000,0x0000008c11900000) (1024K)]
  0x0000024968a6d0d0 JavaThread "Worker-JM"                         [_thread_blocked, id=30516, stack(0x0000008c11a00000,0x0000008c11b00000) (1024K)]
  0x0000024968da6270 JavaThread "Worker-0"                          [_thread_blocked, id=6076, stack(0x0000008c11b00000,0x0000008c11c00000) (1024K)]
  0x0000024968f09480 JavaThread "Worker-1"                          [_thread_blocked, id=7820, stack(0x0000008c11c00000,0x0000008c11d00000) (1024K)]
  0x000002496a0b6450 JavaThread "JNA Cleaner"                daemon [_thread_blocked, id=27764, stack(0x0000008c11d00000,0x0000008c11e00000) (1024K)]
  0x000002496a0b7170 JavaThread "Thread-1"                   daemon [_thread_in_native, id=2244, stack(0x0000008c12000000,0x0000008c12100000) (1024K)]
  0x000002496a0b7e90 JavaThread "Thread-2"                   daemon [_thread_in_native, id=20524, stack(0x0000008c12100000,0x0000008c12200000) (1024K)]
  0x000002496a0b4a10 JavaThread "Thread-3"                   daemon [_thread_in_native, id=24580, stack(0x0000008c12200000,0x0000008c12300000) (1024K)]
  0x000002496a0b7800 JavaThread "Thread-4"                   daemon [_thread_in_native, id=27332, stack(0x0000008c12300000,0x0000008c12400000) (1024K)]
  0x000002496a0b5dc0 JavaThread "Thread-5"                   daemon [_thread_in_native, id=14972, stack(0x0000008c12400000,0x0000008c12500000) (1024K)]
  0x000002496a0b50a0 JavaThread "Thread-6"                   daemon [_thread_in_native, id=6164, stack(0x0000008c12500000,0x0000008c12600000) (1024K)]
  0x000002496a0b5730 JavaThread "Thread-7"                   daemon [_thread_in_native, id=22660, stack(0x0000008c12600000,0x0000008c12700000) (1024K)]
  0x000002496a0b6ae0 JavaThread "Thread-8"                   daemon [_thread_in_native, id=27744, stack(0x0000008c12700000,0x0000008c12800000) (1024K)]
  0x0000024969e23060 JavaThread "Thread-9"                   daemon [_thread_in_native, id=13720, stack(0x0000008c12800000,0x0000008c12900000) (1024K)]
  0x0000024969e236f0 JavaThread "Thread-10"                  daemon [_thread_in_native, id=13196, stack(0x0000008c12900000,0x0000008c12a00000) (1024K)]
  0x0000024969e257c0 JavaThread "Thread-11"                  daemon [_thread_in_native, id=7436, stack(0x0000008c12a00000,0x0000008c12b00000) (1024K)]
  0x0000024969e25e50 JavaThread "Thread-12"                  daemon [_thread_in_native, id=17384, stack(0x0000008c12b00000,0x0000008c12c00000) (1024K)]
  0x0000024969e26b70 JavaThread "Thread-13"                  daemon [_thread_in_native, id=6128, stack(0x0000008c12c00000,0x0000008c12d00000) (1024K)]
  0x0000024969e24410 JavaThread "pool-2-thread-1"                   [_thread_blocked, id=22692, stack(0x0000008c12d00000,0x0000008c12e00000) (1024K)]
  0x0000024969e264e0 JavaThread "WorkspaceEventsHandler"            [_thread_blocked, id=6324, stack(0x0000008c12e00000,0x0000008c12f00000) (1024K)]
  0x0000024969e25130 JavaThread "pool-1-thread-1"                   [_thread_in_native, id=18752, stack(0x0000008c12f00000,0x0000008c13000000) (1024K)]
=>0x000002496a07ff10 JavaThread "C2 CompilerThread1"         daemon [_thread_in_native, id=1264, stack(0x0000008c13000000,0x0000008c13100000) (1024K)]
Total: 36

Other Threads:
  0x0000024966b34790 VMThread "VM Thread"                           [id=21596, stack(0x0000008c10200000,0x0000008c10300000) (1024K)]
  0x0000024948f14390 WatcherThread "VM Periodic Task Thread"        [id=16564, stack(0x0000008c10100000,0x0000008c10200000) (1024K)]
  0x000002494b330a50 WorkerThread "GC Thread#0"                     [id=16424, stack(0x0000008c10000000,0x0000008c10100000) (1024K)]
  0x00000249685c3250 WorkerThread "GC Thread#1"                     [id=12864, stack(0x0000008c10e00000,0x0000008c10f00000) (1024K)]
  0x0000024968720b10 WorkerThread "GC Thread#2"                     [id=27736, stack(0x0000008c10f00000,0x0000008c11000000) (1024K)]
  0x0000024968720ec0 WorkerThread "GC Thread#3"                     [id=18136, stack(0x0000008c11000000,0x0000008c11100000) (1024K)]
  0x0000024968725780 WorkerThread "GC Thread#4"                     [id=6704, stack(0x0000008c11100000,0x0000008c11200000) (1024K)]
  0x0000024968725b30 WorkerThread "GC Thread#5"                     [id=20292, stack(0x0000008c11200000,0x0000008c11300000) (1024K)]
  0x0000024968725ee0 WorkerThread "GC Thread#6"                     [id=25444, stack(0x0000008c11300000,0x0000008c11400000) (1024K)]
  0x0000024968bcdd50 WorkerThread "GC Thread#7"                     [id=26464, stack(0x0000008c11500000,0x0000008c11600000) (1024K)]
  0x0000024968ab93b0 WorkerThread "GC Thread#8"                     [id=3148, stack(0x0000008c10d00000,0x0000008c10e00000) (1024K)]
  0x0000024968aba270 WorkerThread "GC Thread#9"                     [id=4956, stack(0x0000008c11900000,0x0000008c11a00000) (1024K)]
Total: 12

Threads with active compile tasks:
C2 CompilerThread1  11597 4370   !   4       java.io.IoOverNioFileSystem::list0 (290 bytes)
Total: 1

VM state: not at safepoint (normal execution)

VM Mutex/Monitor currently owned by a thread: None

Heap address: 0x0000000080000000, size: 2048 MB, Compressed Oops mode: 32-bit

CDS archive(s) not mapped
Compressed class space mapped at: 0x0000000100000000-0x0000000140000000, reserved size: 1073741824
Narrow klass base: 0x0000000000000000, Narrow klass shift: 3, Narrow klass range: 0x140000000

GC Precious Log:
 CardTable entry size: 512
 CPUs: 12 total, 12 available
 Memory: 16110M
 Large Page Support: Disabled
 NUMA Support: Disabled
 Compressed Oops: Enabled (32-bit)
 Alignments: Space 512K, Generation 512K, Heap 2M
 Heap Min Capacity: 100M
 Heap Initial Capacity: 100M
 Heap Max Capacity: 2G
 Pre-touch: Disabled
 Parallel Workers: 10

Heap:
 PSYoungGen      total 23040K, used 11651K [0x00000000d5580000, 0x00000000d7100000, 0x0000000100000000)
  eden space 22016K, 48% used [0x00000000d5580000,0x00000000d5fe0ea0,0x00000000d6b00000)
  from space 1024K, 100% used [0x00000000d6e80000,0x00000000d6f80000,0x00000000d6f80000)
  to   space 3072K, 0% used [0x00000000d6b00000,0x00000000d6b00000,0x00000000d6e00000)
 ParOldGen       total 68608K, used 18431K [0x0000000080000000, 0x0000000084300000, 0x00000000d5580000)
  object space 68608K, 26% used [0x0000000080000000,0x00000000811ffe28,0x0000000084300000)
 Metaspace       used 42566K, committed 43328K, reserved 1114112K
  class space    used 4289K, committed 4608K, reserved 1048576K

Card table byte_map: [0x000002494acb0000,0x000002494b0c0000] _byte_map_base: 0x000002494a8b0000

Marking Bits: (ParMarkBitMap*) 0x00007ff92a5ad640
 Begin Bits: [0x000002495d720000, 0x000002495f720000)
 End Bits:   [0x000002495f720000, 0x0000024961720000)

Polling page: 0x00000249490d0000

Metaspace:

Usage:
  Non-class:     37.38 MB used.
      Class:      4.19 MB used.
       Both:     41.57 MB used.

Virtual space:
  Non-class space:       64.00 MB reserved,      37.81 MB ( 59%) committed,  1 nodes.
      Class space:        1.00 GB reserved,       4.50 MB ( <1%) committed,  1 nodes.
             Both:        1.06 GB reserved,      42.31 MB (  4%) committed. 

Chunk freelists:
   Non-Class:  10.16 MB
       Class:  11.39 MB
        Both:  21.55 MB

MaxMetaspaceSize: unlimited
CompressedClassSpaceSize: 1.00 GB
Initial GC threshold: 21.00 MB
Current GC threshold: 58.38 MB
CDS: off
 - commit_granule_bytes: 65536.
 - commit_granule_words: 8192.
 - virtual_space_node_default_size: 8388608.
 - enlarge_chunks_in_place: 1.
 - use_allocation_guard: 0.


Internal statistics:

num_allocs_failed_limit: 6.
num_arena_births: 520.
num_arena_deaths: 14.
num_vsnodes_births: 2.
num_vsnodes_deaths: 0.
num_space_committed: 677.
num_space_uncommitted: 0.
num_chunks_returned_to_freelist: 20.
num_chunks_taken_from_freelist: 1791.
num_chunk_merges: 6.
num_chunk_splits: 1164.
num_chunks_enlarged: 771.
num_inconsistent_stats: 0.

CodeHeap 'non-profiled nmethods': size=120000Kb used=2359Kb max_used=2359Kb free=117640Kb
 bounds [0x0000024955f40000, 0x00000249561b0000, 0x000002495d470000]
CodeHeap 'profiled nmethods': size=120000Kb used=7945Kb max_used=7945Kb free=112054Kb
 bounds [0x000002494e470000, 0x000002494ec40000, 0x00000249559a0000]
CodeHeap 'non-nmethods': size=5760Kb used=1335Kb max_used=1370Kb free=4424Kb
 bounds [0x00000249559a0000, 0x0000024955c10000, 0x0000024955f40000]
CodeCache: size=245760Kb, used=11639Kb, max_used=11674Kb, free=234118Kb
 total_blobs=4694, nmethods=4055, adapters=545, full_count=0
Compilation: enabled, stopped_count=0, restarted_count=0

Compilation events (20 events):
Event: 11.155 Thread 0x0000024966ba91a0 nmethod 4361 0x0000024956172890 code [0x0000024956172f60, 0x0000024956177da0]
Event: 11.156 Thread 0x0000024966ba91a0 4369   !   4       org.eclipse.core.internal.localstore.UnifiedTree::addChildren (479 bytes)
Event: 11.163 Thread 0x0000024966ba91a0 nmethod 4369 0x000002495617b190 code [0x000002495617b3e0, 0x000002495617b940]
Event: 11.163 Thread 0x0000024966ba91a0 4368       4       org.eclipse.core.internal.localstore.UnifiedTree::addNodeChildrenToQueue (85 bytes)
Event: 11.166 Thread 0x0000024966ba91a0 nmethod 4368 0x000002495617c190 code [0x000002495617c360, 0x000002495617c628]
Event: 11.166 Thread 0x0000024966ba91a0 4362       4       org.eclipse.core.internal.localstore.RefreshLocalVisitor::createResource (85 bytes)
Event: 11.176 Thread 0x000002496a07ff10 nmethod 4365 0x000002495617c990 code [0x000002495617cfc0, 0x0000024956180970]
Event: 11.177 Thread 0x000002496a07ff10 4366       4       org.eclipse.core.internal.localstore.RefreshLocalVisitor::synchronizeExistence (193 bytes)
Event: 11.194 Thread 0x0000024966ba91a0 nmethod 4362 0x0000024956183190 code [0x0000024956183500, 0x0000024956184da0]
Event: 11.194 Thread 0x0000024966ba91a0 4367       4       org.eclipse.core.internal.resources.File::updateMetadataFiles (86 bytes)
Event: 11.195 Thread 0x0000024966ba91a0 nmethod 4367 0x0000024956185d10 code [0x0000024956185ea0, 0x0000024956186000]
Event: 11.195 Thread 0x0000024966ba91a0 4357       4       sun.nio.fs.WindowsUriSupport::fromUri (312 bytes)
Event: 11.197 Thread 0x000002496a07ff10 nmethod 4366 0x0000024956186190 code [0x00000249561864c0, 0x00000249561878d8]
Event: 11.204 Thread 0x0000024966ba91a0 nmethod 4357 0x0000024956188710 code [0x0000024956188940, 0x00000249561891d8]
Event: 11.456 Thread 0x000002496a07ff10 4370   !   4       java.io.IoOverNioFileSystem::list0 (290 bytes)
Event: 11.538 Thread 0x0000024966ba91a0 4371       4       org.eclipse.core.filesystem.provider.FileStore::childStores (47 bytes)
Event: 11.568 Thread 0x0000024966ba91a0 nmethod 4371 0x0000024956189990 code [0x0000024956189d20, 0x000002495618ae60]
Event: 11.568 Thread 0x0000024966ba91a0 4372       4       org.eclipse.core.filesystem.provider.FileStore::childInfos (47 bytes)
Event: 11.571 Thread 0x0000024966ba91a0 nmethod 4372 0x000002495618be10 code [0x000002495618bfe0, 0x000002495618c300]
Event: 11.571 Thread 0x0000024966ba91a0 4373       4       org.eclipse.core.internal.localstore.UnifiedTree::addChildrenFromFileSystem (98 bytes)

GC Heap History (20 events):
Event: 5.184 GC heap before
{Heap before GC invocations=7 (full 1):
 PSYoungGen      total 27648K, used 27356K [0x00000000d5580000, 0x00000000d7300000, 0x0000000100000000)
  eden space 25088K, 100% used [0x00000000d5580000,0x00000000d6e00000,0x00000000d6e00000)
  from space 2560K, 88% used [0x00000000d6e80000,0x00000000d70b71e8,0x00000000d7100000)
  to   space 2048K, 0% used [0x00000000d7100000,0x00000000d7100000,0x00000000d7300000)
 ParOldGen       total 68608K, used 5986K [0x0000000080000000, 0x0000000084300000, 0x00000000d5580000)
  object space 68608K, 8% used [0x0000000080000000,0x00000000805d8928,0x0000000084300000)
 Metaspace       used 31303K, committed 31808K, reserved 1114112K
  class space    used 3037K, committed 3264K, reserved 1048576K
}
Event: 5.186 GC heap after
{Heap after GC invocations=7 (full 1):
 PSYoungGen      total 25600K, used 2036K [0x00000000d5580000, 0x00000000d7680000, 0x0000000100000000)
  eden space 23552K, 0% used [0x00000000d5580000,0x00000000d5580000,0x00000000d6c80000)
  from space 2048K, 99% used [0x00000000d7100000,0x00000000d72fd120,0x00000000d7300000)
  to   space 4608K, 0% used [0x00000000d6c80000,0x00000000d6c80000,0x00000000d7100000)
 ParOldGen       total 68608K, used 7916K [0x0000000080000000, 0x0000000084300000, 0x00000000d5580000)
  object space 68608K, 11% used [0x0000000080000000,0x00000000807bb3d0,0x0000000084300000)
 Metaspace       used 31303K, committed 31808K, reserved 1114112K
  class space    used 3037K, committed 3264K, reserved 1048576K
}
Event: 6.113 GC heap before
{Heap before GC invocations=8 (full 1):
 PSYoungGen      total 25600K, used 22395K [0x00000000d5580000, 0x00000000d7680000, 0x0000000100000000)
  eden space 23552K, 86% used [0x00000000d5580000,0x00000000d6961eb0,0x00000000d6c80000)
  from space 2048K, 99% used [0x00000000d7100000,0x00000000d72fd120,0x00000000d7300000)
  to   space 4608K, 0% used [0x00000000d6c80000,0x00000000d6c80000,0x00000000d7100000)
 ParOldGen       total 68608K, used 7916K [0x0000000080000000, 0x0000000084300000, 0x00000000d5580000)
  object space 68608K, 11% used [0x0000000080000000,0x00000000807bb3d0,0x0000000084300000)
 Metaspace       used 35202K, committed 35840K, reserved 1114112K
  class space    used 3438K, committed 3712K, reserved 1048576K
}
Event: 6.116 GC heap after
{Heap after GC invocations=8 (full 1):
 PSYoungGen      total 28160K, used 4195K [0x00000000d5580000, 0x00000000d7680000, 0x0000000100000000)
  eden space 23552K, 0% used [0x00000000d5580000,0x00000000d5580000,0x00000000d6c80000)
  from space 4608K, 91% used [0x00000000d6c80000,0x00000000d7098e98,0x00000000d7100000)
  to   space 4608K, 0% used [0x00000000d7200000,0x00000000d7200000,0x00000000d7680000)
 ParOldGen       total 68608K, used 7924K [0x0000000080000000, 0x0000000084300000, 0x00000000d5580000)
  object space 68608K, 11% used [0x0000000080000000,0x00000000807bd3d0,0x0000000084300000)
 Metaspace       used 35202K, committed 35840K, reserved 1114112K
  class space    used 3438K, committed 3712K, reserved 1048576K
}
Event: 6.116 GC heap before
{Heap before GC invocations=9 (full 2):
 PSYoungGen      total 28160K, used 4195K [0x00000000d5580000, 0x00000000d7680000, 0x0000000100000000)
  eden space 23552K, 0% used [0x00000000d5580000,0x00000000d5580000,0x00000000d6c80000)
  from space 4608K, 91% used [0x00000000d6c80000,0x00000000d7098e98,0x00000000d7100000)
  to   space 4608K, 0% used [0x00000000d7200000,0x00000000d7200000,0x00000000d7680000)
 ParOldGen       total 68608K, used 7924K [0x0000000080000000, 0x0000000084300000, 0x00000000d5580000)
  object space 68608K, 11% used [0x0000000080000000,0x00000000807bd3d0,0x0000000084300000)
 Metaspace       used 35202K, committed 35840K, reserved 1114112K
  class space    used 3438K, committed 3712K, reserved 1048576K
}
Event: 6.156 GC heap after
{Heap after GC invocations=9 (full 2):
 PSYoungGen      total 28160K, used 0K [0x00000000d5580000, 0x00000000d7680000, 0x0000000100000000)
  eden space 23552K, 0% used [0x00000000d5580000,0x00000000d5580000,0x00000000d6c80000)
  from space 4608K, 0% used [0x00000000d6c80000,0x00000000d6c80000,0x00000000d7100000)
  to   space 4608K, 0% used [0x00000000d7200000,0x00000000d7200000,0x00000000d7680000)
 ParOldGen       total 68608K, used 11709K [0x0000000080000000, 0x0000000084300000, 0x00000000d5580000)
  object space 68608K, 17% used [0x0000000080000000,0x0000000080b6f408,0x0000000084300000)
 Metaspace       used 35189K, committed 35840K, reserved 1114112K
  class space    used 3434K, committed 3712K, reserved 1048576K
}
Event: 7.095 GC heap before
{Heap before GC invocations=10 (full 2):
 PSYoungGen      total 28160K, used 23552K [0x00000000d5580000, 0x00000000d7680000, 0x0000000100000000)
  eden space 23552K, 100% used [0x00000000d5580000,0x00000000d6c80000,0x00000000d6c80000)
  from space 4608K, 0% used [0x00000000d6c80000,0x00000000d6c80000,0x00000000d7100000)
  to   space 4608K, 0% used [0x00000000d7200000,0x00000000d7200000,0x00000000d7680000)
 ParOldGen       total 68608K, used 11709K [0x0000000080000000, 0x0000000084300000, 0x00000000d5580000)
  object space 68608K, 17% used [0x0000000080000000,0x0000000080b6f408,0x0000000084300000)
 Metaspace       used 39051K, committed 39808K, reserved 1114112K
  class space    used 3906K, committed 4224K, reserved 1048576K
}
Event: 7.097 GC heap after
{Heap after GC invocations=10 (full 2):
 PSYoungGen      total 24576K, used 1208K [0x00000000d5580000, 0x00000000d7380000, 0x0000000100000000)
  eden space 23040K, 0% used [0x00000000d5580000,0x00000000d5580000,0x00000000d6c00000)
  from space 1536K, 78% used [0x00000000d7200000,0x00000000d732e240,0x00000000d7380000)
  to   space 2560K, 0% used [0x00000000d6e80000,0x00000000d6e80000,0x00000000d7100000)
 ParOldGen       total 68608K, used 11717K [0x0000000080000000, 0x0000000084300000, 0x00000000d5580000)
  object space 68608K, 17% used [0x0000000080000000,0x0000000080b71408,0x0000000084300000)
 Metaspace       used 39051K, committed 39808K, reserved 1114112K
  class space    used 3906K, committed 4224K, reserved 1048576K
}
Event: 8.336 GC heap before
{Heap before GC invocations=11 (full 2):
 PSYoungGen      total 24576K, used 24248K [0x00000000d5580000, 0x00000000d7380000, 0x0000000100000000)
  eden space 23040K, 100% used [0x00000000d5580000,0x00000000d6c00000,0x00000000d6c00000)
  from space 1536K, 78% used [0x00000000d7200000,0x00000000d732e240,0x00000000d7380000)
  to   space 2560K, 0% used [0x00000000d6e80000,0x00000000d6e80000,0x00000000d7100000)
 ParOldGen       total 68608K, used 11717K [0x0000000080000000, 0x0000000084300000, 0x00000000d5580000)
  object space 68608K, 17% used [0x0000000080000000,0x0000000080b71408,0x0000000084300000)
 Metaspace       used 41993K, committed 42816K, reserved 1114112K
  class space    used 4251K, committed 4608K, reserved 1048576K
}
Event: 8.339 GC heap after
{Heap after GC invocations=11 (full 2):
 PSYoungGen      total 25088K, used 2549K [0x00000000d5580000, 0x00000000d7280000, 0x0000000100000000)
  eden space 22528K, 0% used [0x00000000d5580000,0x00000000d5580000,0x00000000d6b80000)
  from space 2560K, 99% used [0x00000000d6e80000,0x00000000d70fd778,0x00000000d7100000)
  to   space 1536K, 0% used [0x00000000d7100000,0x00000000d7100000,0x00000000d7280000)
 ParOldGen       total 68608K, used 11725K [0x0000000080000000, 0x0000000084300000, 0x00000000d5580000)
  object space 68608K, 17% used [0x0000000080000000,0x0000000080b73408,0x0000000084300000)
 Metaspace       used 41993K, committed 42816K, reserved 1114112K
  class space    used 4251K, committed 4608K, reserved 1048576K
}
Event: 9.398 GC heap before
{Heap before GC invocations=12 (full 2):
 PSYoungGen      total 25088K, used 25077K [0x00000000d5580000, 0x00000000d7280000, 0x0000000100000000)
  eden space 22528K, 100% used [0x00000000d5580000,0x00000000d6b80000,0x00000000d6b80000)
  from space 2560K, 99% used [0x00000000d6e80000,0x00000000d70fd778,0x00000000d7100000)
  to   space 1536K, 0% used [0x00000000d7100000,0x00000000d7100000,0x00000000d7280000)
 ParOldGen       total 68608K, used 11725K [0x0000000080000000, 0x0000000084300000, 0x00000000d5580000)
  object space 68608K, 17% used [0x0000000080000000,0x0000000080b73408,0x0000000084300000)
 Metaspace       used 42561K, committed 43328K, reserved 1114112K
  class space    used 4289K, committed 4608K, reserved 1048576K
}
Event: 9.402 GC heap after
{Heap after GC invocations=12 (full 2):
 PSYoungGen      total 23552K, used 1533K [0x00000000d5580000, 0x00000000d7300000, 0x0000000100000000)
  eden space 22016K, 0% used [0x00000000d5580000,0x00000000d5580000,0x00000000d6b00000)
  from space 1536K, 99% used [0x00000000d7100000,0x00000000d727f760,0x00000000d7280000)
  to   space 4096K, 0% used [0x00000000d6b00000,0x00000000d6b00000,0x00000000d6f00000)
 ParOldGen       total 68608K, used 13874K [0x0000000080000000, 0x0000000084300000, 0x00000000d5580000)
  object space 68608K, 20% used [0x0000000080000000,0x0000000080d8c998,0x0000000084300000)
 Metaspace       used 42561K, committed 43328K, reserved 1114112K
  class space    used 4289K, committed 4608K, reserved 1048576K
}
Event: 9.854 GC heap before
{Heap before GC invocations=13 (full 2):
 PSYoungGen      total 23552K, used 23549K [0x00000000d5580000, 0x00000000d7300000, 0x0000000100000000)
  eden space 22016K, 100% used [0x00000000d5580000,0x00000000d6b00000,0x00000000d6b00000)
  from space 1536K, 99% used [0x00000000d7100000,0x00000000d727f760,0x00000000d7280000)
  to   space 4096K, 0% used [0x00000000d6b00000,0x00000000d6b00000,0x00000000d6f00000)
 ParOldGen       total 68608K, used 13874K [0x0000000080000000, 0x0000000084300000, 0x00000000d5580000)
  object space 68608K, 20% used [0x0000000080000000,0x0000000080d8c998,0x0000000084300000)
 Metaspace       used 42566K, committed 43328K, reserved 1114112K
  class space    used 4289K, committed 4608K, reserved 1048576K
}
Event: 9.858 GC heap after
{Heap after GC invocations=13 (full 2):
 PSYoungGen      total 26112K, used 1184K [0x00000000d5580000, 0x00000000d7180000, 0x0000000100000000)
  eden space 22016K, 0% used [0x00000000d5580000,0x00000000d5580000,0x00000000d6b00000)
  from space 4096K, 28% used [0x00000000d6b00000,0x00000000d6c28000,0x00000000d6f00000)
  to   space 2560K, 0% used [0x00000000d6f00000,0x00000000d6f00000,0x00000000d7180000)
 ParOldGen       total 68608K, used 15440K [0x0000000080000000, 0x0000000084300000, 0x00000000d5580000)
  object space 68608K, 22% used [0x0000000080000000,0x0000000080f14128,0x0000000084300000)
 Metaspace       used 42566K, committed 43328K, reserved 1114112K
  class space    used 4289K, committed 4608K, reserved 1048576K
}
Event: 10.563 GC heap before
{Heap before GC invocations=14 (full 2):
 PSYoungGen      total 26112K, used 23200K [0x00000000d5580000, 0x00000000d7180000, 0x0000000100000000)
  eden space 22016K, 100% used [0x00000000d5580000,0x00000000d6b00000,0x00000000d6b00000)
  from space 4096K, 28% used [0x00000000d6b00000,0x00000000d6c28000,0x00000000d6f00000)
  to   space 2560K, 0% used [0x00000000d6f00000,0x00000000d6f00000,0x00000000d7180000)
 ParOldGen       total 68608K, used 15440K [0x0000000080000000, 0x0000000084300000, 0x00000000d5580000)
  object space 68608K, 22% used [0x0000000080000000,0x0000000080f14128,0x0000000084300000)
 Metaspace       used 42566K, committed 43328K, reserved 1114112K
  class space    used 4289K, committed 4608K, reserved 1048576K
}
Event: 10.565 GC heap after
{Heap after GC invocations=14 (full 2):
 PSYoungGen      total 23040K, used 928K [0x00000000d5580000, 0x00000000d7000000, 0x0000000100000000)
  eden space 22016K, 0% used [0x00000000d5580000,0x00000000d5580000,0x00000000d6b00000)
  from space 1024K, 90% used [0x00000000d6f00000,0x00000000d6fe8000,0x00000000d7000000)
  to   space 1536K, 0% used [0x00000000d6d00000,0x00000000d6d00000,0x00000000d6e80000)
 ParOldGen       total 68608K, used 16352K [0x0000000080000000, 0x0000000084300000, 0x00000000d5580000)
  object space 68608K, 23% used [0x0000000080000000,0x0000000080ff8128,0x0000000084300000)
 Metaspace       used 42566K, committed 43328K, reserved 1114112K
  class space    used 4289K, committed 4608K, reserved 1048576K
}
Event: 10.962 GC heap before
{Heap before GC invocations=15 (full 2):
 PSYoungGen      total 23040K, used 22944K [0x00000000d5580000, 0x00000000d7000000, 0x0000000100000000)
  eden space 22016K, 100% used [0x00000000d5580000,0x00000000d6b00000,0x00000000d6b00000)
  from space 1024K, 90% used [0x00000000d6f00000,0x00000000d6fe8000,0x00000000d7000000)
  to   space 1536K, 0% used [0x00000000d6d00000,0x00000000d6d00000,0x00000000d6e80000)
 ParOldGen       total 68608K, used 16352K [0x0000000080000000, 0x0000000084300000, 0x00000000d5580000)
  object space 68608K, 23% used [0x0000000080000000,0x0000000080ff8128,0x0000000084300000)
 Metaspace       used 42566K, committed 43328K, reserved 1114112K
  class space    used 4289K, committed 4608K, reserved 1048576K
}
Event: 10.965 GC heap after
{Heap after GC invocations=15 (full 2):
 PSYoungGen      total 23552K, used 1056K [0x00000000d5580000, 0x00000000d6f80000, 0x0000000100000000)
  eden space 22016K, 0% used [0x00000000d5580000,0x00000000d5580000,0x00000000d6b00000)
  from space 1536K, 68% used [0x00000000d6d00000,0x00000000d6e08000,0x00000000d6e80000)
  to   space 1024K, 0% used [0x00000000d6e80000,0x00000000d6e80000,0x00000000d6f80000)
 ParOldGen       total 68608K, used 17111K [0x0000000080000000, 0x0000000084300000, 0x00000000d5580000)
  object space 68608K, 24% used [0x0000000080000000,0x00000000810b5e28,0x0000000084300000)
 Metaspace       used 42566K, committed 43328K, reserved 1114112K
  class space    used 4289K, committed 4608K, reserved 1048576K
}
Event: 11.429 GC heap before
{Heap before GC invocations=16 (full 2):
 PSYoungGen      total 23552K, used 23072K [0x00000000d5580000, 0x00000000d6f80000, 0x0000000100000000)
  eden space 22016K, 100% used [0x00000000d5580000,0x00000000d6b00000,0x00000000d6b00000)
  from space 1536K, 68% used [0x00000000d6d00000,0x00000000d6e08000,0x00000000d6e80000)
  to   space 1024K, 0% used [0x00000000d6e80000,0x00000000d6e80000,0x00000000d6f80000)
 ParOldGen       total 68608K, used 17111K [0x0000000080000000, 0x0000000084300000, 0x00000000d5580000)
  object space 68608K, 24% used [0x0000000080000000,0x00000000810b5e28,0x0000000084300000)
 Metaspace       used 42566K, committed 43328K, reserved 1114112K
  class space    used 4289K, committed 4608K, reserved 1048576K
}
Event: 11.432 GC heap after
{Heap after GC invocations=16 (full 2):
 PSYoungGen      total 23040K, used 1024K [0x00000000d5580000, 0x00000000d7100000, 0x0000000100000000)
  eden space 22016K, 0% used [0x00000000d5580000,0x00000000d5580000,0x00000000d6b00000)
  from space 1024K, 100% used [0x00000000d6e80000,0x00000000d6f80000,0x00000000d6f80000)
  to   space 3072K, 0% used [0x00000000d6b00000,0x00000000d6b00000,0x00000000d6e00000)
 ParOldGen       total 68608K, used 18431K [0x0000000080000000, 0x0000000084300000, 0x00000000d5580000)
  object space 68608K, 26% used [0x0000000080000000,0x00000000811ffe28,0x0000000084300000)
 Metaspace       used 42566K, committed 43328K, reserved 1114112K
  class space    used 4289K, committed 4608K, reserved 1048576K
}

Dll operation events (3 events):
Event: 0.014 Loaded shared library C:\Program Files\Android\Android Studio\jbr\bin\java.dll
Event: 0.023 Loaded shared library C:\Program Files\Android\Android Studio\jbr\bin\zip.dll
Event: 0.479 Loaded shared library C:\Program Files\Android\Android Studio\jbr\bin\verify.dll

Deoptimization events (20 events):
Event: 8.589 Thread 0x0000024969e25130 DEOPT PACKING pc=0x000002494e86141f sp=0x0000008c12ffdd50
Event: 8.589 Thread 0x0000024969e25130 DEOPT UNPACKING pc=0x00000249559f78e2 sp=0x0000008c12ffd228 mode 0
Event: 8.599 Thread 0x0000024969e25130 Uncommon trap: trap_request=0xffffff45 fr.pc=0x00000249560f21e8 relative=0x0000000000000308
Event: 8.599 Thread 0x0000024969e25130 Uncommon trap: reason=unstable_if action=reinterpret pc=0x00000249560f21e8 method=java.util.regex.Matcher.match(II)Z @ 126 c2
Event: 8.599 Thread 0x0000024969e25130 DEOPT PACKING pc=0x00000249560f21e8 sp=0x0000008c12ffdc20
Event: 8.600 Thread 0x0000024969e25130 DEOPT UNPACKING pc=0x00000249559f6da2 sp=0x0000008c12ffdbf0 mode 2
Event: 8.646 Thread 0x0000024969e25130 DEOPT PACKING pc=0x000002494e615066 sp=0x0000008c12ffd790
Event: 8.646 Thread 0x0000024969e25130 DEOPT UNPACKING pc=0x00000249559f78e2 sp=0x0000008c12ffccd8 mode 0
Event: 8.660 Thread 0x0000024969e25130 DEOPT PACKING pc=0x000002494e615066 sp=0x0000008c12ffd7f0
Event: 8.660 Thread 0x0000024969e25130 DEOPT UNPACKING pc=0x00000249559f78e2 sp=0x0000008c12ffcd38 mode 0
Event: 8.720 Thread 0x0000024969e25130 DEOPT PACKING pc=0x000002494e615066 sp=0x0000008c12ffd720
Event: 8.720 Thread 0x0000024969e25130 DEOPT UNPACKING pc=0x00000249559f78e2 sp=0x0000008c12ffcc68 mode 0
Event: 8.739 Thread 0x0000024969e25130 DEOPT PACKING pc=0x000002494e615066 sp=0x0000008c12ffd720
Event: 8.739 Thread 0x0000024969e25130 DEOPT UNPACKING pc=0x00000249559f78e2 sp=0x0000008c12ffcc68 mode 0
Event: 8.755 Thread 0x0000024969e25130 DEOPT PACKING pc=0x000002494e615066 sp=0x0000008c12ffd7d0
Event: 8.755 Thread 0x0000024969e25130 DEOPT UNPACKING pc=0x00000249559f78e2 sp=0x0000008c12ffcd18 mode 0
Event: 8.772 Thread 0x0000024969e25130 DEOPT PACKING pc=0x000002494e615066 sp=0x0000008c12ffd7d0
Event: 8.772 Thread 0x0000024969e25130 DEOPT UNPACKING pc=0x00000249559f78e2 sp=0x0000008c12ffcd18 mode 0
Event: 9.093 Thread 0x0000024969e25130 DEOPT PACKING pc=0x000002494e549178 sp=0x0000008c12ffd810
Event: 9.093 Thread 0x0000024969e25130 DEOPT UNPACKING pc=0x00000249559f78e2 sp=0x0000008c12ffccf8 mode 0

Classes loaded (20 events):
Event: 8.045 Loading class java/util/AbstractList$SubList done
Event: 8.045 Loading class java/util/AbstractList$RandomAccessSubList done
Event: 8.045 Loading class java/util/AbstractList$SubList$1
Event: 8.045 Loading class java/util/AbstractList$SubList$1 done
Event: 8.045 Loading class java/util/AbstractList$ListItr
Event: 8.046 Loading class java/util/AbstractList$ListItr done
Event: 8.090 Loading class java/io/DataOutputStream
Event: 8.091 Loading class java/io/DataOutputStream done
Event: 8.139 Loading class javax/xml/parsers/FactoryConfigurationError
Event: 8.139 Loading class javax/xml/parsers/FactoryConfigurationError done
Event: 8.263 Loading class java/io/UncheckedIOException
Event: 8.264 Loading class java/io/UncheckedIOException done
Event: 8.346 Loading class sun/net/www/protocol/https/Handler
Event: 8.354 Loading class sun/net/www/protocol/http/Handler
Event: 8.355 Loading class sun/net/www/protocol/http/Handler done
Event: 8.355 Loading class sun/net/www/protocol/https/Handler done
Event: 8.518 Loading class org/w3c/dom/DOMException
Event: 8.518 Loading class org/w3c/dom/DOMException done
Event: 8.722 Loading class java/util/ImmutableCollections$SubList
Event: 8.722 Loading class java/util/ImmutableCollections$SubList done

Classes unloaded (7 events):
Event: 6.121 Thread 0x0000024966b34790 Unloading class 0x0000000100274c00 'java/lang/invoke/LambdaForm$MH+0x0000000100274c00'
Event: 6.121 Thread 0x0000024966b34790 Unloading class 0x0000000100274800 'java/lang/invoke/LambdaForm$MH+0x0000000100274800'
Event: 6.121 Thread 0x0000024966b34790 Unloading class 0x0000000100274400 'java/lang/invoke/LambdaForm$MH+0x0000000100274400'
Event: 6.121 Thread 0x0000024966b34790 Unloading class 0x0000000100274000 'java/lang/invoke/LambdaForm$MH+0x0000000100274000'
Event: 6.121 Thread 0x0000024966b34790 Unloading class 0x0000000100273c00 'java/lang/invoke/LambdaForm$BMH+0x0000000100273c00'
Event: 6.121 Thread 0x0000024966b34790 Unloading class 0x0000000100273800 'java/lang/invoke/LambdaForm$DMH+0x0000000100273800'
Event: 6.121 Thread 0x0000024966b34790 Unloading class 0x0000000100272400 'java/lang/invoke/LambdaForm$DMH+0x0000000100272400'

Classes redefined (0 events):
No events

Internal exceptions (20 events):
Event: 8.550 Thread 0x0000024969e25130 Exception <a 'sun/nio/fs/WindowsException'{0x00000000d57c7938}> (0x00000000d57c7938) 
thrown [s\src\hotspot\share\prims\jni.cpp, line 537]
Event: 8.550 Thread 0x0000024969e25130 Exception <a 'sun/nio/fs/WindowsException'{0x00000000d57cc0c8}> (0x00000000d57cc0c8) 
thrown [s\src\hotspot\share\prims\jni.cpp, line 537]
Event: 8.550 Thread 0x0000024969e25130 Exception <a 'sun/nio/fs/WindowsException'{0x00000000d57cd180}> (0x00000000d57cd180) 
thrown [s\src\hotspot\share\prims\jni.cpp, line 537]
Event: 8.551 Thread 0x0000024969e25130 Exception <a 'sun/nio/fs/WindowsException'{0x00000000d57cde28}> (0x00000000d57cde28) 
thrown [s\src\hotspot\share\prims\jni.cpp, line 537]
Event: 8.553 Thread 0x0000024969e25130 Exception <a 'sun/nio/fs/WindowsException'{0x00000000d57dc6f0}> (0x00000000d57dc6f0) 
thrown [s\src\hotspot\share\prims\jni.cpp, line 537]
Event: 8.553 Thread 0x0000024969e25130 Exception <a 'sun/nio/fs/WindowsException'{0x00000000d57dd3f8}> (0x00000000d57dd3f8) 
thrown [s\src\hotspot\share\prims\jni.cpp, line 537]
Event: 8.553 Thread 0x0000024969e25130 Exception <a 'sun/nio/fs/WindowsException'{0x00000000d57ddab8}> (0x00000000d57ddab8) 
thrown [s\src\hotspot\share\prims\jni.cpp, line 537]
Event: 8.554 Thread 0x0000024969e25130 Exception <a 'sun/nio/fs/WindowsException'{0x00000000d57df3b0}> (0x00000000d57df3b0) 
thrown [s\src\hotspot\share\prims\jni.cpp, line 537]
Event: 8.554 Thread 0x0000024969e25130 Exception <a 'sun/nio/fs/WindowsException'{0x00000000d57dfef8}> (0x00000000d57dfef8) 
thrown [s\src\hotspot\share\prims\jni.cpp, line 537]
Event: 8.554 Thread 0x0000024969e25130 Exception <a 'sun/nio/fs/WindowsException'{0x00000000d57e05b8}> (0x00000000d57e05b8) 
thrown [s\src\hotspot\share\prims\jni.cpp, line 537]
Event: 8.557 Thread 0x0000024969e25130 Exception <a 'sun/nio/fs/WindowsException'{0x00000000d57ead98}> (0x00000000d57ead98) 
thrown [s\src\hotspot\share\prims\jni.cpp, line 537]
Event: 8.558 Thread 0x0000024969e25130 Exception <a 'sun/nio/fs/WindowsException'{0x00000000d57ef040}> (0x00000000d57ef040) 
thrown [s\src\hotspot\share\prims\jni.cpp, line 537]
Event: 8.563 Thread 0x0000024969e25130 Exception <a 'sun/nio/fs/WindowsException'{0x00000000d57f33b0}> (0x00000000d57f33b0) 
thrown [s\src\hotspot\share\prims\jni.cpp, line 537]
Event: 8.578 Thread 0x0000024969e25130 Exception <a 'sun/nio/fs/WindowsException'{0x00000000d580dd18}> (0x00000000d580dd18) 
thrown [s\src\hotspot\share\prims\jni.cpp, line 537]
Event: 8.580 Thread 0x0000024969e25130 Exception <a 'sun/nio/fs/WindowsException'{0x00000000d5811ff0}> (0x00000000d5811ff0) 
thrown [s\src\hotspot\share\prims\jni.cpp, line 537]
Event: 8.584 Thread 0x0000024969e25130 Exception <a 'sun/nio/fs/WindowsException'{0x00000000d581ac70}> (0x00000000d581ac70) 
thrown [s\src\hotspot\share\prims\jni.cpp, line 537]
Event: 8.585 Thread 0x0000024969e25130 Exception <a 'sun/nio/fs/WindowsException'{0x00000000d581ed60}> (0x00000000d581ed60) 
thrown [s\src\hotspot\share\prims\jni.cpp, line 537]
Event: 8.587 Thread 0x0000024969e25130 Exception <a 'sun/nio/fs/WindowsException'{0x00000000d5822ab8}> (0x00000000d5822ab8) 
thrown [s\src\hotspot\share\prims\jni.cpp, line 537]
Event: 8.589 Thread 0x0000024969e25130 Exception <a 'sun/nio/fs/WindowsException'{0x00000000d5826d80}> (0x00000000d5826d80) 
thrown [s\src\hotspot\share\prims\jni.cpp, line 537]
Event: 8.594 Thread 0x0000024969e25130 Exception <a 'sun/nio/fs/WindowsException'{0x00000000d5834840}> (0x00000000d5834840) 
thrown [s\src\hotspot\share\prims\jni.cpp, line 537]

ZGC Phase Switch (0 events):
No events

VM Operations (20 events):
Event: 7.095 Executing safepoint VM operation: ParallelGCFailedAllocation (Allocation Failure)
Event: 7.097 Executing safepoint VM operation: ParallelGCFailedAllocation (Allocation Failure) done
Event: 7.303 Executing non-safepoint VM operation: HandshakeAllThreads (Deoptimize)
Event: 7.304 Executing non-safepoint VM operation: HandshakeAllThreads (Deoptimize) done
Event: 7.863 Executing non-safepoint VM operation: HandshakeAllThreads (Deoptimize)
Event: 7.863 Executing non-safepoint VM operation: HandshakeAllThreads (Deoptimize) done
Event: 8.336 Executing safepoint VM operation: ParallelGCFailedAllocation (Allocation Failure)
Event: 8.339 Executing safepoint VM operation: ParallelGCFailedAllocation (Allocation Failure) done
Event: 9.343 Executing safepoint VM operation: Cleanup
Event: 9.344 Executing safepoint VM operation: Cleanup done
Event: 9.398 Executing safepoint VM operation: ParallelGCFailedAllocation (Allocation Failure)
Event: 9.402 Executing safepoint VM operation: ParallelGCFailedAllocation (Allocation Failure) done
Event: 9.854 Executing safepoint VM operation: ParallelGCFailedAllocation (Allocation Failure)
Event: 9.858 Executing safepoint VM operation: ParallelGCFailedAllocation (Allocation Failure) done
Event: 10.563 Executing safepoint VM operation: ParallelGCFailedAllocation (Allocation Failure)
Event: 10.565 Executing safepoint VM operation: ParallelGCFailedAllocation (Allocation Failure) done
Event: 10.962 Executing safepoint VM operation: ParallelGCFailedAllocation (Allocation Failure)
Event: 10.965 Executing safepoint VM operation: ParallelGCFailedAllocation (Allocation Failure) done
Event: 11.429 Executing safepoint VM operation: ParallelGCFailedAllocation (Allocation Failure)
Event: 11.432 Executing safepoint VM operation: ParallelGCFailedAllocation (Allocation Failure) done

Memory protections (0 events):
No events

Nmethod flushes (20 events):
Event: 6.133 Thread 0x0000024966b34790 flushing  nmethod 0x000002494e6da290
Event: 6.133 Thread 0x0000024966b34790 flushing  nmethod 0x000002494e6dba90
Event: 6.133 Thread 0x0000024966b34790 flushing  nmethod 0x000002494e6eb910
Event: 6.133 Thread 0x0000024966b34790 flushing  nmethod 0x000002494e6f7590
Event: 6.133 Thread 0x0000024966b34790 flushing  nmethod 0x000002494e6f7f10
Event: 6.133 Thread 0x0000024966b34790 flushing  nmethod 0x000002494e706510
Event: 6.133 Thread 0x0000024966b34790 flushing  nmethod 0x000002494e70dd10
Event: 6.133 Thread 0x0000024966b34790 flushing  nmethod 0x000002494e70e810
Event: 6.133 Thread 0x0000024966b34790 flushing  nmethod 0x000002494e70f110
Event: 6.133 Thread 0x0000024966b34790 flushing  nmethod 0x000002494e720410
Event: 6.133 Thread 0x0000024966b34790 flushing  nmethod 0x000002494e720a10
Event: 6.133 Thread 0x0000024966b34790 flushing  nmethod 0x000002494e726210
Event: 6.133 Thread 0x0000024966b34790 flushing  nmethod 0x000002494e726c90
Event: 6.133 Thread 0x0000024966b34790 flushing  nmethod 0x000002494e727210
Event: 6.133 Thread 0x0000024966b34790 flushing  nmethod 0x000002494e727590
Event: 6.133 Thread 0x0000024966b34790 flushing  nmethod 0x000002494e788590
Event: 6.133 Thread 0x0000024966b34790 flushing  nmethod 0x000002494e796510
Event: 6.133 Thread 0x0000024966b34790 flushing  nmethod 0x000002494e7a3610
Event: 6.133 Thread 0x0000024966b34790 flushing  nmethod 0x000002494e7c6310
Event: 6.133 Thread 0x0000024966b34790 flushing  nmethod 0x000002494e7d0510

Events (20 events):
Event: 6.203 Thread 0x0000024968d36e10 Thread added: 0x000002496a0b6450
Event: 6.343 Thread 0x000002494b313340 Thread added: 0x000002496a0b7170
Event: 6.344 Thread 0x000002494b313340 Thread added: 0x000002496a0b7e90
Event: 6.344 Thread 0x000002494b313340 Thread added: 0x000002496a0b4a10
Event: 6.344 Thread 0x000002494b313340 Thread added: 0x000002496a0b7800
Event: 6.344 Thread 0x000002494b313340 Thread added: 0x000002496a0b5dc0
Event: 6.344 Thread 0x000002494b313340 Thread added: 0x000002496a0b50a0
Event: 6.344 Thread 0x000002494b313340 Thread added: 0x000002496a0b5730
Event: 6.344 Thread 0x000002494b313340 Thread added: 0x000002496a0b6ae0
Event: 6.344 Thread 0x000002494b313340 Thread added: 0x0000024969e23060
Event: 6.344 Thread 0x000002494b313340 Thread added: 0x0000024969e236f0
Event: 6.344 Thread 0x000002494b313340 Thread added: 0x0000024969e257c0
Event: 6.344 Thread 0x000002494b313340 Thread added: 0x0000024969e25e50
Event: 6.344 Thread 0x000002494b313340 Thread added: 0x0000024969e26b70
Event: 6.403 Thread 0x000002494b313340 Thread added: 0x0000024969e24410
Event: 7.007 Thread 0x000002494b313340 Thread added: 0x0000024969e264e0
Event: 7.007 Thread 0x000002494b313340 Thread added: 0x0000024969e25130
Event: 7.269 Thread 0x0000024966c0c210 Thread added: 0x000002496a085a80
Event: 9.394 Thread 0x000002496a085a80 Thread exited: 0x000002496a085a80
Event: 10.921 Thread 0x0000024966ba91a0 Thread added: 0x000002496a07ff10


Dynamic libraries:
0x00007ff666410000 - 0x00007ff66641a000 	C:\Program Files\Android\Android Studio\jbr\bin\java.exe
0x00007ffa121c0000 - 0x00007ffa12426000 	C:\WINDOWS\SYSTEM32\ntdll.dll
0x00007ffa11de0000 - 0x00007ffa11ea9000 	C:\WINDOWS\System32\KERNEL32.DLL
0x00007ffa0f530000 - 0x00007ffa0f92f000 	C:\WINDOWS\System32\KERNELBASE.dll
0x00007ffa0fc20000 - 0x00007ffa0fd6c000 	C:\WINDOWS\System32\ucrtbase.dll
0x00007ff9b4720000 - 0x00007ff9b473b000 	C:\Program Files\Android\Android Studio\jbr\bin\VCRUNTIME140.dll
0x00007ff9b18a0000 - 0x00007ff9b18b8000 	C:\Program Files\Android\Android Studio\jbr\bin\jli.dll
0x00007ffa10940000 - 0x00007ffa10b06000 	C:\WINDOWS\System32\USER32.dll
0x00007ffa0f500000 - 0x00007ffa0f527000 	C:\WINDOWS\System32\win32u.dll
0x00007ffa10510000 - 0x00007ffa1053b000 	C:\WINDOWS\System32\GDI32.dll
0x00007ffa0f3d0000 - 0x00007ffa0f4f9000 	C:\WINDOWS\System32\gdi32full.dll
0x00007ffa0fd80000 - 0x00007ffa0fe23000 	C:\WINDOWS\System32\msvcp_win.dll
0x00007ff9f2f40000 - 0x00007ff9f31d1000 	C:\WINDOWS\WinSxS\amd64_microsoft.windows.common-controls_6595b64144ccf1df_6.0.26100.8972_none_3e0da176e32f9d4b\COMCTL32.dll
0x00007ffa10880000 - 0x00007ffa10929000 	C:\WINDOWS\System32\msvcrt.dll
0x00007ffa10840000 - 0x00007ffa10872000 	C:\WINDOWS\System32\IMM32.DLL
0x00007ff9dff80000 - 0x00007ff9dff8c000 	C:\Program Files\Android\Android Studio\jbr\bin\vcruntime140_1.dll
0x00007ff9a5320000 - 0x00007ff9a53ad000 	C:\Program Files\Android\Android Studio\jbr\bin\msvcp140.dll
0x00007ff9299f0000 - 0x00007ff92a686000 	C:\Program Files\Android\Android Studio\jbr\bin\server\jvm.dll
0x00007ffa10380000 - 0x00007ffa1043c000 	C:\WINDOWS\System32\ADVAPI32.dll
0x00007ffa120d0000 - 0x00007ffa1217a000 	C:\WINDOWS\System32\sechost.dll
0x00007ffa11530000 - 0x00007ffa11648000 	C:\WINDOWS\System32\RPCRT4.dll
0x00007ffa111e0000 - 0x00007ffa11262000 	C:\WINDOWS\System32\WS2_32.dll
0x00007ffa0df00000 - 0x00007ffa0df5e000 	C:\WINDOWS\SYSTEM32\POWRPROF.dll
0x00007ffa012a0000 - 0x00007ffa012d6000 	C:\WINDOWS\SYSTEM32\WINMM.dll
0x00007ffa03b40000 - 0x00007ffa03b4b000 	C:\WINDOWS\SYSTEM32\VERSION.dll
0x00007ffa0dee0000 - 0x00007ffa0def5000 	C:\WINDOWS\SYSTEM32\UMPDC.dll
0x00007ffa0e1e0000 - 0x00007ffa0e1fb000 	C:\WINDOWS\SYSTEM32\kernel.appcore.dll
0x00007ff9dba80000 - 0x00007ff9dba8a000 	C:\Program Files\Android\Android Studio\jbr\bin\jimage.dll
0x00007ffa0ca60000 - 0x00007ffa0cca2000 	C:\WINDOWS\SYSTEM32\DBGHELP.DLL
0x00007ffa0fef0000 - 0x00007ffa10275000 	C:\WINDOWS\System32\combase.dll
0x00007ffa10b10000 - 0x00007ffa10be9000 	C:\WINDOWS\System32\OLEAUT32.dll
0x00007ff9f9ac0000 - 0x00007ff9f9afb000 	C:\WINDOWS\SYSTEM32\dbgcore.DLL
0x00007ffa0f940000 - 0x00007ffa0f9ec000 	C:\WINDOWS\System32\bcryptPrimitives.dll
0x00007ff9db990000 - 0x00007ff9db99e000 	C:\Program Files\Android\Android Studio\jbr\bin\instrument.dll
0x00007ff9b1880000 - 0x00007ff9b18a0000 	C:\Program Files\Android\Android Studio\jbr\bin\java.dll
0x00007ff9add20000 - 0x00007ff9add38000 	C:\Program Files\Android\Android Studio\jbr\bin\zip.dll
0x00007ffa11650000 - 0x00007ffa11dd8000 	C:\WINDOWS\System32\SHELL32.dll
0x00007ffa0ce70000 - 0x00007ffa0d70b000 	C:\WINDOWS\SYSTEM32\windows.storage.dll
0x00007ffa10540000 - 0x00007ffa10639000 	C:\WINDOWS\System32\SHCORE.dll
0x00007ffa11110000 - 0x00007ffa11176000 	C:\WINDOWS\System32\shlwapi.dll
0x00007ffa0f2f0000 - 0x00007ffa0f319000 	C:\WINDOWS\SYSTEM32\profapi.dll
0x00007ff9db590000 - 0x00007ff9db5a0000 	C:\Program Files\Android\Android Studio\jbr\bin\net.dll
0x00007ffa05840000 - 0x00007ffa05968000 	C:\WINDOWS\SYSTEM32\WINHTTP.dll
0x00007ffa0e790000 - 0x00007ffa0e7fc000 	C:\WINDOWS\system32\mswsock.dll
0x00007ff9add00000 - 0x00007ff9add16000 	C:\Program Files\Android\Android Studio\jbr\bin\nio.dll
0x00007ff9dab70000 - 0x00007ff9dab80000 	C:\Program Files\Android\Android Studio\jbr\bin\verify.dll
0x00007ff9a63c0000 - 0x00007ff9a6405000 	C:\Users\Huywill\AppData\Roaming\Code\User\globalStorage\redhat.java\1.55.0\config_ss_win\org.eclipse.equinox.launcher\org.eclipse.equinox.launcher.win32.win32.x86_64_1.3.100.v20260613-0559\eclipse_11924.dll
0x00007ffa10640000 - 0x00007ffa107d9000 	C:\WINDOWS\System32\ole32.dll
0x00007ffa0ea80000 - 0x00007ffa0ea9b000 	C:\WINDOWS\SYSTEM32\CRYPTSP.dll
0x00007ffa0e140000 - 0x00007ffa0e179000 	C:\WINDOWS\system32\rsaenh.dll
0x00007ffa0e840000 - 0x00007ffa0e872000 	C:\WINDOWS\SYSTEM32\USERENV.dll
0x00007ffa0f2c0000 - 0x00007ffa0f2ea000 	C:\WINDOWS\SYSTEM32\bcrypt.dll
0x00007ffa0eaa0000 - 0x00007ffa0eaac000 	C:\WINDOWS\SYSTEM32\CRYPTBASE.dll
0x00007ffa0dae0000 - 0x00007ffa0db13000 	C:\WINDOWS\SYSTEM32\IPHLPAPI.DLL
0x00007ffa10930000 - 0x00007ffa1093a000 	C:\WINDOWS\System32\NSI.dll
0x00007ff9a2eb0000 - 0x00007ff9a2ef9000 	C:\Users\Huywill\AppData\Local\Temp\jna--1354205506\jna14502952421541800487.dll
0x00007ffa11180000 - 0x00007ffa11188000 	C:\WINDOWS\System32\PSAPI.DLL
0x00007ffa059a0000 - 0x00007ffa059bd000 	C:\WINDOWS\SYSTEM32\dhcpcsvc6.DLL
0x00007ffa057c0000 - 0x00007ffa057e5000 	C:\WINDOWS\SYSTEM32\dhcpcsvc.DLL

JVMTI agents:
c:\Users\Huywill\.vscode\extensions\redhat.java-1.55.0-win32-x64\lombok\lombok-1.18.39-4050.jar path:C:\Program Files\Android\Android Studio\jbr\bin\instrument.dll, loaded, initialized, instrumentlib options:none

dbghelp: loaded successfully - version: 4.0.5 - missing functions: none
symbol engine: initialized successfully - sym options: 0x614 - pdb path: .;C:\Program Files\Android\Android Studio\jbr\bin;C:\WINDOWS\SYSTEM32;C:\WINDOWS\WinSxS\amd64_microsoft.windows.common-controls_6595b64144ccf1df_6.0.26100.8972_none_3e0da176e32f9d4b;C:\Program Files\Android\Android Studio\jbr\bin\server;C:\Users\Huywill\AppData\Roaming\Code\User\globalStorage\redhat.java\1.55.0\config_ss_win\org.eclipse.equinox.launcher\org.eclipse.equinox.launcher.win32.win32.x86_64_1.3.100.v20260613-0559;C:\Users\Huywill\AppData\Local\Temp\jna--1354205506

VM Arguments:
jvm_args: --add-modules=ALL-SYSTEM --add-opens=java.base/java.util=ALL-UNNAMED --add-opens=java.base/java.lang=ALL-UNNAMED --add-opens=java.base/sun.nio.fs=ALL-UNNAMED -Declipse.application=org.eclipse.jdt.ls.core.id1 -Dosgi.bundles.defaultStartLevel=4 -Declipse.product=org.eclipse.jdt.ls.core.product -Djava.import.generatesMetadataFilesAtProjectRoot=false -DDetectVMInstallationsJob.disabled=true -Dfile.encoding=utf8 -XX:+UseParallelGC -XX:GCTimeRatio=4 -XX:AdaptiveSizePolicyWeight=90 -Dsun.zip.disableMemoryMapping=true -Xmx2G -Xms100m -Xlog:disable -javaagent:c:\Users\Huywill\.vscode\extensions\redhat.java-1.55.0-win32-x64\lombok\lombok-1.18.39-4050.jar 
java_command: c:\Users\Huywill\.vscode\extensions\redhat.java-1.55.0-win32-x64\server\plugins\org.eclipse.equinox.launcher_1.7.200.v20260619-2039.jar -configuration c:\Users\Huywill\AppData\Roaming\Code\User\globalStorage\redhat.java\1.55.0\config_ss_win -data c:\Users\Huywill\AppData\Roaming\Code\User\workspaceStorage\6dbe84330905bf9988ffc1e6a4f4587e\redhat.java\ss_ws --pipe=\\.\pipe\lsp-3c53d60e87594029622386373811b69c-sock
java_class_path (initial): c:\Users\Huywill\.vscode\extensions\redhat.java-1.55.0-win32-x64\server\plugins\org.eclipse.equinox.launcher_1.7.200.v20260619-2039.jar
Launcher Type: SUN_STANDARD

[Global flags]
    uintx AdaptiveSizePolicyWeight                 = 90                                        {product} {command line}
     intx CICompilerCount                          = 4                                         {product} {ergonomic}
    uintx GCTimeRatio                              = 4                                         {product} {command line}
   size_t InitialHeapSize                          = 104857600                                 {product} {command line}
   size_t MaxHeapSize                              = 2147483648                                {product} {command line}
   size_t MaxNewSize                               = 715653120                                 {product} {ergonomic}
   size_t MinHeapDeltaBytes                        = 524288                                    {product} {ergonomic}
   size_t MinHeapSize                              = 104857600                                 {product} {command line}
   size_t NewSize                                  = 34603008                                  {product} {ergonomic}
    uintx NonNMethodCodeHeapSize                   = 5839372                                {pd product} {ergonomic}
    uintx NonProfiledCodeHeapSize                  = 122909434                              {pd product} {ergonomic}
   size_t OldSize                                  = 70254592                                  {product} {ergonomic}
    uintx ProfiledCodeHeapSize                     = 122909434                              {pd product} {ergonomic}
    uintx ReservedCodeCacheSize                    = 251658240                              {pd product} {ergonomic}
     bool SegmentedCodeCache                       = true                                      {product} {ergonomic}
   size_t SoftMaxHeapSize                          = 2147483648                             {manageable} {ergonomic}
     bool UseCompressedOops                        = true                           {product lp64_product} {ergonomic}
     bool UseLargePagesIndividualAllocation        = false                                  {pd product} {ergonomic}
     bool UseParallelGC                            = true                                      {product} {command line}

Logging:
Log output configuration:
 #0: stdout all=off uptime,level,tags foldmultilines=false
 #1: stderr all=off uptime,level,tags foldmultilines=false

Release file:
JAVA_VERSION="21.0.10" 
MODULES="java.base java.compiler java.datatransfer java.xml java.prefs java.desktop java.instrument java.logging java.management java.security.sasl java.naming java.rmi java.management.rmi java.net.http java.scripting java.security.jgss java.transaction.xa java.sql java.sql.rowset java.xml.crypto java.se java.smartcardio jdk.accessibility jdk.internal.jvmstat jdk.attach jdk.charsets jdk.internal.opt jdk.zipfs jdk.compiler jdk.crypto.ec jdk.crypto.cryptoki jdk.dynalink jdk.hotspot.agent jdk.httpserver jdk.internal.ed jdk.internal.le jdk.internal.vm.ci jdk.jartool jdk.javadoc jdk.jcmd jdk.jdeps jdk.jdwp.agent jdk.jdi jdk.jfr jdk.jlink jdk.jsobject jdk.localedata jdk.management jdk.management.agent jdk.management.jfr jdk.naming.dns jdk.naming.rmi jdk.net jdk.sctp jdk.security.auth jdk.security.jgss jdk.unsupported jdk.unsupported.desktop jdk.xml.dom" 
IMPLEMENTOR="JetBrains s.r.o." 
JAVA_RUNTIME_VERSION="21.0.10+-14961533-b1163.108" 
LIBC="default" 
OS_ARCH="x86_64" 
OS_NAME="Windows" 
SOURCE=".:git:1351622c2ff2" 

Environment Variables:
JAVA_HOME=C:\JAVA
PATH=C:\Program Files (x86)\Microsoft SDKs\Azure\CLI2\wbin;C:\Program Files (x86)\VMware\VMware Workstation\bin\;C:\Program Files\Common Files\Oracle\Java\javapath;C:\Program Files\Microsoft MPI\Bin\;C:\Program Files (x86)\Common Files\Oracle\Java\javapath;C:\Windows\system32;C:\Windows;C:\Windows\System32\Wbem;C:\Windows\System32\WindowsPowerShell\v1.0\;C:\Windows\System32\OpenSSH\;C:\Program Files (x86)\NVIDIA Corporation\PhysX\Common;C:\Program Files\NVIDIA Corporation\NVIDIA NvDLISR;C:\Program Files\dotnet\;C:\WINDOWS\system32;C:\WINDOWS;C:\WINDOWS\System32\Wbem;C:\WINDOWS\System32\WindowsPowerShell\v1.0\;C:\WINDOWS\System32\OpenSSH\;C:\Program Files\Microsoft SQL Server\150\Tools\Binn\;C:\Program Files\playit_gg\bin\;C:\Program Files (x86)\Windows Kits\10\Windows Performance Toolkit\;C:\Program Files\TortoiseGit\bin;C:\Program Files (x86)\Microsoft SQL Server\160\Tools\Binn\;C:\Program Files\Microsoft SQL Server\160\Tools\Binn\;C:\Program Files\Microsoft SQL Server\Client SDK\ODBC\170\Tools\Binn\;C:\Program Files\Microsoft SQL Server\160\DTS\Binn\;C:\Program Files (x86)\Microsoft SQL Server\160\DTS\Binn\;C:\Program Files\Git\cmd;C:\Program Files (x86)\IVI Foundation\VISA\WinNT\Bin;C:\Users\Huywill\SQLite;C:\Program Files\Docker\Docker\resources\bin;C:\Users\Huywill\AppData\Local\nvm;C:\nvm4w\nodejs;C:\Program Files\Cloudflare\Cloudflare WARP\;C:\Users\Huywill\AppData\Local\Programs\Python\Python311\Scripts\;C:\Users\Huywill\AppData\Local\Programs\Python\Python311\;C:\Users\Huywill\AppData\Local\Microsoft\WindowsApps;C:\Users\Huywill\AppData\Local\Programs\Microsoft VS Code\bin;C:\JAVA\bin;C:\Users\Huywill\.dotnet\tools;C:\Users\Huywill\AppData\Local\GitHubDesktop\bin;D:\IntelliJ IDEA Community Edition 2024.3.4.1\bin;;C:\Program Files\JetBrains\IntelliJ IDEA 2024.3.4.1\bin;;C:\Program Files (x86)\Nmap;C:\Users\Huywill\AppData\Local\nvm;C:\nvm4w\nodejs;C:\Users\Huywill\AppData\Local\Programs\cursor\resources\app\bin
USERNAME=Huywill
OS=Windows_NT
PROCESSOR_IDENTIFIER=Intel64 Family 6 Model 141 Stepping 1, GenuineIntel
TMP=C:\Users\Huywill\AppData\Local\Temp
TEMP=C:\Users\Huywill\AppData\Local\Temp




Periodic native trim disabled

JNI global refs:
JNI global refs: 25, weak refs: 45

JNI global refs memory usage: 835, weak refs: 833

Process memory usage:
Resident Set Size: 177700K (1% of 16497444K total physical memory with 409616K free physical memory)

OOME stack traces (most recent first):
Classloader memory used:
Loader bootstrap                                                                       : 20070K
Loader org.eclipse.osgi.internal.loader.EquinoxClassLoader                             : 17919K
Loader org.eclipse.equinox.launcher.Main$StartupClassLoader                            : 3282K
Loader lombok.launch.ShadowClassLoader                                                 : 749K
Loader jdk.internal.loader.ClassLoaders$AppClassLoader                                 : 192K
Loader jdk.internal.loader.ClassLoaders$PlatformClassLoader                            : 192K
Loader lombok.launch.ShadowClassLoader                                                 : 160K

Classes loaded by more than one classloader:
Class lombok.launch.PackageShader                                                     : loaded 2 times (x 74B)
Class lombok.launch.ShadowClassLoader                                                 : loaded 2 times (x 105B)
Class lombok.core.LombokNode                                                          : loaded 2 times (x 110B)
Class lombok.launch.ClassFileMetaData                                                 : loaded 2 times (x 87B)
Class lombok.launch.PatchFixesHider$Util                                              : loaded 2 times (x 71B)
Class lombok.core.DiagnosticsReceiver                                                 : loaded 2 times (x 70B)

---------------  S Y S T E M  ---------------

OS:
 Windows 11 , 64 bit Build 26100 (10.0.26100.9168)
OS uptime: 8 days 1:12 hours
Hyper-V role detected

CPU: total 12 (initial active 12) (6 cores per cpu, 2 threads per core) family 6 model 141 stepping 1 microcode 0x58, cx8, cmov, fxsr, ht, mmx, 3dnowpref, sse, sse2, sse3, ssse3, sse4.1, sse4.2, popcnt, lzcnt, tsc, tscinvbit, avx, avx2, aes, erms, clmul, bmi1, bmi2, adx, avx512f, avx512dq, avx512cd, avx512bw, avx512vl, sha, fma, vzeroupper, avx512_vpopcntdq, avx512_vpclmulqdq, avx512_vaes, avx512_vnni, clflush, clflushopt, clwb, avx512_vbmi2, avx512_vbmi, hv, rdtscp, rdpid, fsrm, gfni, avx512_bitalg, f16c, cet_ibt, cet_ss, avx512_ifma
Processor Information for the first 12 processors :
  Max Mhz: 2688, Current Mhz: 2688, Mhz Limit: 2688

Memory: 4k page, system-wide physical 16110M (412M free)
TotalPageFile size 35393M (AvailPageFile size 13M)
current process WorkingSet (physical memory assigned to process): 173M, peak: 174M
current process commit charge ("private bytes"): 302M, peak: 304M

vm_info: OpenJDK 64-Bit Server VM (21.0.10+-14961533-b1163.108) for windows-amd64 JRE (21.0.10+-14961533-b1163.108), built on 2026-03-02T19:58:50Z by "builder" with MS VC++ 16.10 / 16.11 (VS2019)

END.
